src/app/teacher/page.tsx(35,8): error TS17008: JSX element 'main' has no corresponding closing tag.
src/app/teacher/page.tsx(60,19): error TS2657: JSX expressions must have one parent element.
src/app/teacher/page.tsx(78,86): error TS1127: Invalid character.
src/app/teacher/page.tsx(78,113): error TS1381: Unexpected token. Did you mean `{'}'}` or `&rbrace;`?
src/app/teacher/page.tsx(78,114): error TS1381: Unexpected token. Did you mean `{'}'}` or `&rbrace;`?
src/app/teacher/page.tsx(78,115): error TS1382: Unexpected token. Did you mean `{'>'}` or `&gt;`?
src/app/teacher/page.tsx(84,21): error TS1005: ')' expected.
src/app/teacher/page.tsx(84,26): error TS1005: ',' expected.
src/app/teacher/page.tsx(98,19): error TS1005: ',' expected.
src/app/teacher/page.tsx(99,18): error TS1005: '}' expected.
src/app/teacher/page.tsx(99,19): error TS1381: Unexpected token. Did you mean `{'}'}` or `&rbrace;`?
src/app/teacher/page.tsx(101,14): error TS1381: Unexpected token. Did you mean `{'}'}` or `&rbrace;`?
src/app/teacher/page.tsx(104,7): error TS1005: ')' expected.
src/app/teacher/page.tsx(105,5): error TS1109: Expression expected.
src/app/teacher/page.tsx(106,3): error TS1109: Expression expected.
